// Jest Snapshot v1, https://goo.gl/fbAQLP

exports[`test Search TEST spapshot to component 1`] = `
<div>
  <styled.div>
    <NavLink
      onClick={[Function]}
      to="/?"
    >
      <h5>
        All Category
      </h5>
    </NavLink>
  </styled.div>
</div>
`;
